#-----------------------------------------------------------
# xsim v2024.2 (64-bit)
# SW Build 5239630 on Fri Nov 08 22:34:34 MST 2024
# IP Build 5239520 on Sun Nov 10 16:12:51 MST 2024
# SharedData Build 5239561 on Fri Nov 08 14:39:27 MST 2024
# Start of session at: Wed Apr 15 10:38:52 2026
# Process ID         : 2434411
# Current directory  : /home/tutor/SoC_101/source_code/session5/2_three_state_bus/3_bidirectional_bus_driver
# Command line       : xsim -source {xsim.dir/tb_bidirectional_bus_driver/xsim_script.tcl}
# Log file           : /home/tutor/SoC_101/source_code/session5/2_three_state_bus/3_bidirectional_bus_driver/xsim.log
# Journal file       : /home/tutor/SoC_101/source_code/session5/2_three_state_bus/3_bidirectional_bus_driver/xsim.jou
# Running On         : ky-cds-semi
# Platform           : RedHatEnterprise
# Operating System   : Red Hat Enterprise Linux release 8.1 (Ootpa)
# Processor Detail   : Intel(R) Xeon(R) Silver 4316 CPU @ 2.30GHz
# CPU Frequency      : 2800.147 MHz
# CPU Physical cores : 40
# CPU Logical cores  : 80
# Host memory        : 540214 MB
# Swap memory        : 34359 MB
# Total Virtual      : 574573 MB
# Available Virtual  : 377383 MB
#-----------------------------------------------------------
start_gui
source xsim.dir/tb_bidirectional_bus_driver/xsim_script.tcl
add_wave {{/tb_bidirectional_bus_driver/data_to_bus}} {{/tb_bidirectional_bus_driver/send}} {{/tb_bidirectional_bus_driver/rcv}} {{/tb_bidirectional_bus_driver/bus_data}} {{/tb_bidirectional_bus_driver/data_from_bus}} {{/tb_bidirectional_bus_driver/bus_drive_data}} 
run all
close_sim
